ffmpeg version 7.1-essentials_build-www.gyan.dev Copyright (c) 2000-2024 the FFmpeg developers
  built with gcc 14.2.0 (Rev1, Built by MSYS2 project)
  configuration: --enable-gpl --enable-version3 --enable-static --disable-w32threads --disable-autodetect --enable-fontconfig --enable-iconv --enable-gnutls --enable-libxml2 --enable-gmp --enable-bzlib --enable-lzma --enable-zlib --enable-libsrt --enable-libssh --enable-libzmq --enable-avisynth --enable-sdl2 --enable-libwebp --enable-libx264 --enable-libx265 --enable-libxvid --enable-libaom --enable-libopenjpeg --enable-libvpx --enable-mediafoundation --enable-libass --enable-libfreetype --enable-libfribidi --enable-libharfbuzz --enable-libvidstab --enable-libvmaf --enable-libzimg --enable-amf --enable-cuda-llvm --enable-cuvid --enable-dxva2 --enable-d3d11va --enable-d3d12va --enable-ffnvcodec --enable-libvpl --enable-nvdec --enable-nvenc --enable-vaapi --enable-libgme --enable-libopenmpt --enable-libopencore-amrwb --enable-libmp3lame --enable-libtheora --enable-libvo-amrwbenc --enable-libgsm --enable-libopencore-amrnb --enable-libopus --enable-libspeex --enable-libvorbis --enable-librubberband
  libavutil      59. 39.100 / 59. 39.100
  libavcodec     61. 19.100 / 61. 19.100
  libavformat    61.  7.100 / 61.  7.100
  libavdevice    61.  3.100 / 61.  3.100
  libavfilter    10.  4.100 / 10.  4.100
  libswscale      8.  3.100 /  8.  3.100
  libswresample   5.  3.100 /  5.  3.100
  libpostproc    58.  3.100 / 58.  3.100
Input #0, rawvideo, from 'fd:':
  Duration: N/A, start: 0.000000, bitrate: 530841 kb/s
  Stream #0:0: Video: rawvideo (RGB[24] / 0x18424752), rgb24, 720x1280, 530841 kb/s, 24 tbr, 24 tbn
[aist#1:0/pcm_s16le @ 0000020bb4819d80] Guessed Channel Layout: mono
Input #1, wav, from 'C:\Users\Jupal\Desktop\tapstnc2\tapsync3\tapsync\artifacts\tapsync-promo\mix.wav':
  Duration: 00:00:34.34, bitrate: 352 kb/s
  Stream #1:0: Audio: pcm_s16le ([1][0][0][0] / 0x0001), 22050 Hz, mono, s16, 352 kb/s
Stream mapping:
  Stream #0:0 -> #0:0 (rawvideo (native) -> h264 (libx264))
  Stream #1:0 -> #0:1 (pcm_s16le (native) -> aac (native))
[aac @ 0000020bb483a640] Too many bits 7430.385488 > 6144 per frame requested, clamping to max
[libx264 @ 0000020bb481c7c0] using cpu capabilities: MMX2 SSE2Fast SSSE3 SSE4.2 AVX FMA3 BMI2 AVX2
[libx264 @ 0000020bb481c7c0] profile High, level 3.1, 4:2:0, 8-bit
[libx264 @ 0000020bb481c7c0] 264 - core 164 r3192 c24e06c - H.264/MPEG-4 AVC codec - Copyleft 2003-2024 - http://www.videolan.org/x264.html - options: cabac=1 ref=2 deblock=1:0:0 analyse=0x3:0x113 me=hex subme=6 psy=1 psy_rd=1.00:0.00 mixed_ref=1 me_range=16 chroma_me=1 trellis=1 8x8dct=1 cqm=0 deadzone=21,11 fast_pskip=1 chroma_qp_offset=-2 threads=18 lookahead_threads=3 sliced_threads=0 nr=0 decimate=1 interlaced=0 bluray_compat=0 constrained_intra=0 bframes=3 b_pyramid=2 b_adapt=1 b_bias=0 direct=1 weightb=1 open_gop=0 weightp=1 keyint=250 keyint_min=24 scenecut=40 intra_refresh=0 rc_lookahead=30 rc=crf mbtree=1 crf=20.0 qcomp=0.60 qpmin=0 qpmax=69 qpstep=4 ip_ratio=1.40 aq=1:1.00
Output #0, mp4, to 'C:\Users\Jupal\Desktop\tapstnc2\tapsync3\tapsync\artifacts\tapsync-promo\tapsync-promo.mp4':
  Metadata:
    encoder         : Lavf61.7.100
  Stream #0:0: Video: h264 (avc1 / 0x31637661), yuv420p(tv, progressive), 720x1280, q=2-31, 24 fps, 12288 tbn
      Metadata:
        encoder         : Lavc61.19.100 libx264
      Side data:
        cpb: bitrate max/min/avg: 0/0/0 buffer size: 0 vbv_delay: N/A
  Stream #0:1: Audio: aac (LC) (mp4a / 0x6134706D), 22050 Hz, mono, fltp, 132 kb/s
      Metadata:
        encoder         : Lavc61.19.100 aac
frame=   10 fps=0.0 q=25.0 size=       0KiB time=00:00:00.33 bitrate=   1.2kbits/s speed=0.646x    frame=   53 fps= 51 q=25.0 size=       0KiB time=00:00:02.12 bitrate=   0.2kbits/s speed=2.06x    frame=   72 fps= 47 q=25.0 size=       0KiB time=00:00:02.91 bitrate=   0.1kbits/s speed=1.89x    frame=   91 fps= 44 q=25.0 size=       0KiB time=00:00:03.70 bitrate=   0.1kbits/s speed= 1.8x    frame=  110 fps= 43 q=25.0 size=     256KiB time=00:00:04.50 bitrate= 466.1kbits/s speed=1.75x    frame=  130 fps= 42 q=25.0 size=     256KiB time=00:00:05.37 bitrate= 390.2kbits/s speed=1.74x    frame=  149 fps= 41 q=25.0 size=     256KiB time=00:00:06.12 bitrate= 342.5kbits/s speed= 1.7x    frame=  169 fps= 41 q=25.0 size=     256KiB time=00:00:06.95 bitrate= 301.4kbits/s speed=1.69x    frame=  198 fps= 43 q=25.0 size=     256KiB time=00:00:08.16 bitrate= 256.8kbits/s speed=1.76x    frame=  233 fps= 45 q=25.0 size=     256KiB time=00:00:09.62 bitrate= 217.9kbits/s speed=1.87x    frame=  233 fps= 41 q=25.0 size=     256KiB time=00:00:09.62 bitrate= 217.9kbits/s speed= 1.7x    frame=  233 fps= 38 q=25.0 size=     256KiB time=00:00:09.62 bitrate= 217.9kbits/s speed=1.56x    frame=  233 fps= 35 q=25.0 size=     256KiB time=00:00:09.62 bitrate= 217.9kbits/s speed=1.44x    frame=  278 fps= 38 q=25.0 size=     256KiB time=00:00:11.50 bitrate= 182.4kbits/s speed=1.59x    frame=  338 fps= 44 q=25.0 size=     256KiB time=00:00:14.00 bitrate= 149.8kbits/s speed=1.81x    frame=  398 fps= 48 q=25.0 size=     512KiB time=00:00:16.50 bitrate= 254.2kbits/s speed=   2x    frame=  446 fps= 51 q=25.0 size=     512KiB time=00:00:18.50 bitrate= 226.7kbits/s speed=2.11x    frame=  504 fps= 54 q=25.0 size=     512KiB time=00:00:20.91 bitrate= 200.5kbits/s speed=2.26x    frame=  632 fps= 64 q=25.0 size=     768KiB time=00:00:27.95 bitrate= 225.1kbits/s speed=2.85x    [mp4 @ 0000020bb4801380] Starting second pass: moving the moov atom to the beginning of the file
[out#0/mp4 @ 0000020bb481fe80] video:802KiB audio:366KiB subtitle:0KiB other streams:0KiB global headers:0KiB muxing overhead: 1.835086%
frame=  824 fps= 81 q=-1.0 Lsize=    1189KiB time=00:00:34.25 bitrate= 284.5kbits/s speed=3.36x    
[libx264 @ 0000020bb481c7c0] frame I:7     Avg QP:10.80  size: 23993
[libx264 @ 0000020bb481c7c0] frame P:233   Avg QP:16.19  size:  2415
[libx264 @ 0000020bb481c7c0] frame B:584   Avg QP:16.20  size:   153
[libx264 @ 0000020bb481c7c0] consecutive B-frames:  4.4%  1.9%  4.4% 89.3%
[libx264 @ 0000020bb481c7c0] mb I  I16..4: 22.2% 64.2% 13.5%
[libx264 @ 0000020bb481c7c0] mb P  I16..4:  2.6%  3.3%  0.5%  P16..4: 11.4%  0.8%  0.5%  0.0%  0.0%    skip:80.9%
[libx264 @ 0000020bb481c7c0] mb B  I16..4:  0.2%  0.0%  0.0%  B16..8:  1.5%  0.1%  0.0%  direct: 0.4%  skip:97.8%  L0:43.0% L1:56.1% BI: 1.0%
[libx264 @ 0000020bb481c7c0] 8x8 transform intra:53.4% inter:49.6%
[libx264 @ 0000020bb481c7c0] coded y,uvDC,uvAC intra: 8.2% 34.5% 23.2% inter: 0.5% 1.1% 0.4%
[libx264 @ 0000020bb481c7c0] i16 v,h,dc,p: 55% 41%  2%  2%
[libx264 @ 0000020bb481c7c0] i8 v,h,dc,ddl,ddr,vr,hd,vl,hu: 37% 15% 36%  3%  3%  2%  2%  1%  1%
[libx264 @ 0000020bb481c7c0] i4 v,h,dc,ddl,ddr,vr,hd,vl,hu: 40% 20% 20%  3%  4%  4%  3%  3%  2%
[libx264 @ 0000020bb481c7c0] i8c dc,h,v,p: 58% 25% 15%  2%
[libx264 @ 0000020bb481c7c0] Weighted P-Frames: Y:18.5% UV:6.0%
[libx264 @ 0000020bb481c7c0] ref P L0: 30.5% 69.5%
[libx264 @ 0000020bb481c7c0] ref B L0: 86.2% 13.8%
[libx264 @ 0000020bb481c7c0] ref B L1: 98.1%  1.9%
[libx264 @ 0000020bb481c7c0] kb/s:191.11
[aac @ 0000020bb483a640] Qavg: 65249.898
